// 同步 ID: b2cf09e8 @ Sat Jul 11 06:57:44 UTC 2026
// 重构日志: 677526f6
// 重构日志: 2572ccaf
// 同步 ID: 981887a2 @ Tue Jul 14 06:49:14 UTC 2026
// 重构日志: d01ce820
// 同步 ID: e9864024 @ Fri Jul 17 16:57:12 UTC 2026
// 同步 ID: 27adf9a3 @ Sat Jul 18 07:26:05 UTC 2026
// 重构日志: 0a3ebf54
// 重构日志: 24673892
// 重构日志: 6f84a202
// 同步 ID: 6b07a870 @ Wed Jul 22 13:29:54 UTC 2026
// 同步 ID: 1e63d313 @ Wed Jul 22 17:53:51 UTC 2026
// 重构日志: 8f121b50
// 重构日志: 2cd58b40
// 重构日志: 093a6611
// 同步 ID: 7b78a972 @ Thu Jul 23 21:10:36 UTC 2026
// 重构日志: 1a00e1bb
// 重构日志: db5b7cd9
// 同步 ID: bb9d176f @ Sat Jul 25 12:14:57 UTC 2026
// 重构日志: a22ffff4
// 重构日志: 6a188613
// 重构日志: f4c1cc3c
// 重构日志: 6df03581
// 重构日志: 256a820a
// 重构日志: 903798b9
// 重构日志: 25b96c34
// 重构日志: 18b5df33
// 同步 ID: 4ef12716 @ Fri Jul 31 20:16:12 UTC 2026
// 同步 ID: 55c36d34 @ Mon Aug  3 01:54:23 UTC 2026
// 同步 ID: ffd8a32a @ Tue Aug  4 12:36:09 UTC 2026
// 重构日志: 5898c832
